[debug] [2026-09-19T14:21:16.784Z] ----------------------------------------------------------------------
[debug] [2026-09-19T14:21:16.801Z] Command:       /usr/local/bin/node /usr/local/bin/firebase deploy
[debug] [2026-09-19T14:21:16.802Z] CLI Version:   15.28.1
[debug] [2026-09-19T14:21:16.802Z] Platform:      darwin
[debug] [2026-09-19T14:21:16.802Z] Node Version:  v24.18.0
[debug] [2026-09-19T14:21:16.802Z] Detected Agent: unknown
[debug] [2026-09-19T14:21:16.802Z] Time:          Sat Sep 19 2026 22:21:16 GMT+0800 (Hong Kong Standard Time)
[debug] [2026-09-19T14:21:16.803Z] ----------------------------------------------------------------------
[debug] 
[debug] [2026-09-19T14:21:19.129Z] > command requires scopes: ["email","openid","https://www.googleapis.com/auth/cloudplatformprojects.readonly","https://www.googleapis.com/auth/firebase","https://www.googleapis.com/auth/cloud-platform"]
[debug] [2026-09-19T14:21:19.130Z] > authorizing via signed-in user (kurtislam100@gmail.com)
[debug] [2026-09-19T14:21:19.130Z] [iam] checking project kurtis-lam for permissions ["firebase.projects.get","firebasehosting.sites.update"]
[debug] [2026-09-19T14:21:19.156Z] Checked if tokens are valid: false, expires at: 1789828563187
[debug] [2026-09-19T14:21:19.156Z] Checked if tokens are valid: false, expires at: 1789828563187
[debug] [2026-09-19T14:21:19.156Z] > refreshing access token with scopes: []
[debug] [2026-09-19T14:21:19.160Z] >>> [apiv2][query] POST https://www.googleapis.com/oauth2/v3/token [none]
[debug] [2026-09-19T14:21:19.160Z] >>> [apiv2][body] POST https://www.googleapis.com/oauth2/v3/token [omitted]
[debug] [2026-09-19T14:21:19.369Z] <<< [apiv2][status] POST https://www.googleapis.com/oauth2/v3/token 200
[debug] [2026-09-19T14:21:19.369Z] <<< [apiv2][body] POST https://www.googleapis.com/oauth2/v3/token [omitted]
[debug] [2026-09-19T14:21:19.413Z] >>> [apiv2][query] POST https://cloudresourcemanager.googleapis.com/v1/projects/kurtis-lam:testIamPermissions [none]
[debug] [2026-09-19T14:21:19.414Z] >>> [apiv2][(partial)header] POST https://cloudresourcemanager.googleapis.com/v1/projects/kurtis-lam:testIamPermissions  x-goog-user-project=kurtis-lam
[debug] [2026-09-19T14:21:19.414Z] >>> [apiv2][body] POST https://cloudresourcemanager.googleapis.com/v1/projects/kurtis-lam:testIamPermissions {"permissions":["firebase.projects.get","firebasehosting.sites.update"]}
